Login as DonorDemo...
